GitContribute  openclaw/openclaw                          OFFLINE · as of 2026-07-17                          / search

                     ┌──────────────────────────────────────────────────────────────────────────┐
                     │Actions                                                                   │
                     │openclaw/openclaw#45311 · Slack socket mode receives no inbound events    │
                     │                                                                          │
                     │› Start investigation                                                     │
                     │  local corpus write · Create a local investigation and initial hypothe…  │
                     │                                                                          │
                     │  Check duplicates                                                        │
                     │  offline read · Review stored issue and pull-request matches.            │
                     │                                                                          │
                     │                                                                          │
                     │                                                                          │
                     │                                                                          │
                     │                                                                          │
                     │                                                                          │
                     │                                                                          │
                     │                                                                          │
                     │                                                                          │
                     │                                                                          │
                     │                                                                          │
                     │                                                                          │
                     │                                                                          │
                     │                                                                          │
                     │                                                                          │
                     │                                                                          │
                     │                                                                          │
                     │                                                                          │
                     │                                                                          │
                     │                                                                          │
                     │                                                                          │
                     │                                                                          │
                     └──────────────────────────────────────────────────────────────────────────┘

↑↓ move   enter run   esc close
