GitContribute  openclaw/openclaw                          OFFLINE · as of 2026-07-17                          / search

                     ┌──────────────────────────────────────────────────────────────────────────┐
                     │Actions                                                                   │
                     │openclaw/openclaw#45311 · Slack socket mode receives no inbound events    │
                     │                                                                          │
                     │ACTION FAILED                                                             │
                     │                                                                          │
                     │Check duplicates                                                          │
                     │context deadline exceeded                                                 │
                     │                                                                          │
                     │Recovery                                                                  │
                     │Press Enter to retry this action.                                         │
                     │Press Esc to return to the workbench.                                     │
                     │                                                                          │
                     │                                                                          │
                     │                                                                          │
                     │                                                                          │
                     │                                                                          │
                     │                                                                          │
                     │                                                                          │
                     │                                                                          │
                     │                                                                          │
                     │                                                                          │
                     │                                                                          │
                     │                                                                          │
                     │                                                                          │
                     │                                                                          │
                     │                                                                          │
                     │                                                                          │
                     │                                                                          │
                     │                                                                          │
                     │                                                                          │
                     └──────────────────────────────────────────────────────────────────────────┘

enter retry   esc return
