GitContribute  openclaw/openclaw           Stored related work was compared without network access.           / search
┌────────────────────────────────────────────────────────────────────────────────────────────────────────────────────┐
│ACTION RESULT                                                                                                       │
│                                                                                                                    │
│Duplicate check complete                                                                                            │
│                                                                                                                    │
│Stored related work was compared without network access.                                                            │
│                                                                                                                    │
│Summary                                                                                                             │
│Possible matches: 3                                                                                                 │
│Competing pull requests: 1                                                                                          │
│                                                                                                                    │
│Source revision                                                                                                     │
│abc123                                                                                                              │
│                                                                                                                    │
│Matches                                                                                                             │
│• Restore Slack socket event delivery · open                                                                        │
│  openclaw/openclaw#45287                                                                                           │
│  local corpus                                                                                                      │
│• Slack reactions are dropped · open                                                                                │
│  openclaw/openclaw#56653                                                                                           │
│  local corpus                                                                                                      │
│                                                                                                                    │
│[Esc] Return to the workbench                                                                                       │
│                                                                                                                    │
│                                                                                                                    │
│                                                                                                                    │
│                                                                                                                    │
│                                                                                                                    │
│                                                                                                                    │
│                                                                                                                    │
│                                                                                                                    │
│                                                                                                                    │
│                                                                                                                    │
└────────────────────────────────────────────────────────────────────────────────────────────────────────────────────┘
enter return   esc return   ↑↓ scroll
