GitContribute  openclaw/openclaw  OFFLINE · as of 2026-07-17
┌──────────────────────────────────────────────────────────┐
│[ / ] stage  DISCOVER  2                                  │
│                                                          │
│› Slack socket mode receives no inbound events            │
│  score 82 · needs diagnosis · openclaw/openclaw#45311    │
│                                                          │
│  Control UI authentication disconnects                   │
│  score 67 · needs coordination · openclaw/openclaw#490…  │
│                                                          │
│                                                1/2  50%  │
│                                                          │
│                                                          │
│                                                          │
│                                                          │
│                                                          │
│                                                          │
│                                                          │
│                                                          │
│                                                          │
│                                                          │
│                                                          │
│                                                          │
│                                                          │
│                                                          │
│                                                          │
│                                                          │
│                                                          │
└──────────────────────────────────────────────────────────┘
tab focus   ↑↓ move   enter inspect   [ ] stage   a actions…
